{"elapsed_s": 10.05, "frames": 0}
{
  "url": "rtsp://192.168.144.25:8554/main.264",
  "timestamp": "2026-10-07T16:28:12.084363+08:00",
  "duration_requested_s": 60.0,
  "latency_ms": 300,
  "decoder": "nvv4l2decoder",
  "frames": 0,
  "first_frame_s": null,
  "max_frame_gap_s": 0,
  "errors": [
    {
      "error": "gst-resource-error-quark: Could not read from resource. (9)",
      "debug": "gstrtspsrc.c(6421): gst_rtspsrc_try_send (): /GstPipeline:pipeline0/GstRTSPSrc:source:\nCould not receive message. (Received end-of-file)"
    }
  ],
  "warnings": [],
  "samples": [
    {
      "elapsed_s": 10.05,
      "frames": 0
    }
  ],
  "elapsed_s": 10.08824017400002,
  "average_fps": 0.0,
  "passed": false
}
Opening in BLOCKING MODE 
